// Jest Snapshot v1, https://goo.gl/fbAQLP

exports[`Pruebas en <GiftItem/> Debe hacer match con el snapshot 1`] = `
<div>
  <div
    class="card"
  >
    <img
      alt="Hola"
      src="https://www.one-punch.com/saitama.jpg"
    />
    <p>
      Hola
    </p>
  </div>
</div>
`;
